BL51 BANKED LINKER/LOCATER V6.22.2.0                                                    07/04/2020  10:12:45  PAGE 1


BL51 BANKED LINKER/LOCATER V6.22.2.0, INVOKED BY:
C:\KEIL_V5\C51\BIN\BL51.EXE STARTUP.obj, main.obj TO test9 RAMSIZE (256)


MEMORY MODEL: SMALL WITH FLOATING POINT ARITHMETIC


INPUT MODULES INCLUDED:
  STARTUP.obj (?C_STARTUP)
  main.obj (MAIN)
  C:\KEIL_V5\C51\LIB\C51FPS.LIB (?C?FPADD)
  C:\KEIL_V5\C51\LIB\C51FPS.LIB (?C?FPMUL)
  C:\KEIL_V5\C51\LIB\C51FPS.LIB (?C?FPDIV)
  C:\KEIL_V5\C51\LIB\C51FPS.LIB (?C?FCAST)
  C:\KEIL_V5\C51\LIB\C51FPS.LIB (?C?CASTF)
  C:\KEIL_V5\C51\LIB\C51FPS.LIB (?C?FPGETOPN)
  C:\KEIL_V5\C51\LIB\C51S.LIB (?C_INIT)
  C:\KEIL_V5\C51\LIB\C51S.LIB (?C?CLDPTR)
  C:\KEIL_V5\C51\LIB\C51S.LIB (?C?CLDOPTR)
  C:\KEIL_V5\C51\LIB\C51S.LIB (?C?UIDIV)
  C:\KEIL_V5\C51\LIB\C51S.LIB (?C?LNEG)


LINK MAP OF MODULE:  test9 (?C_STARTUP)


            TYPE    BASE      LENGTH    RELOCATION   SEGMENT NAME
            -----------------------------------------------------

            * * * * * * *   D A T A   M E M O R Y   * * * * * * *
            REG     0000H     0008H     ABSOLUTE     "REG BANK 0"
            DATA    0008H     0054H     UNIT         ?DT?MAIN
            DATA    005CH     0007H     UNIT         _DATA_GROUP_
            IDATA   0063H     0001H     UNIT         ?STACK

            * * * * * * *   C O D E   M E M O R Y   * * * * * * *
            CODE    0000H     0003H     ABSOLUTE     
            CODE    0003H     0020H     UNIT         ?PR?_DELAY_MS?MAIN
            CODE    0023H     0003H     ABSOLUTE     
            CODE    0026H     0406H     UNIT         ?C?LIB_CODE
            CODE    042CH     010DH     UNIT         ?PR?MAIN?MAIN
            CODE    0539H     008CH     UNIT         ?C_C51STARTUP
            CODE    05C5H     0051H     UNIT         ?PR?_ANALYSIS?MAIN
            CODE    0616H     004EH     UNIT         ?CO?MAIN
            CODE    0664H     004AH     UNIT         ?PR?WRITE_CGRAM?MAIN
            CODE    06AEH     004AH     UNIT         ?PR?_GETADCRESULT?MAIN
            CODE    06F8H     0048H     UNIT         ?C_INITSEG
            CODE    0740H     0044H     UNIT         ?PR?DISPLAY_SET_U?MAIN
            CODE    0784H     003AH     UNIT         ?PR?USART_INTERRUPT?MAIN
            CODE    07BEH     002EH     UNIT         ?PR?DISPLAY_NOW_U?MAIN
            CODE    07ECH     002AH     UNIT         ?PR?_LCD_DELAY?MAIN
            CODE    0816H     0029H     UNIT         ?PR?_WRITE_1602_DATA?MAIN
            CODE    083FH     0027H     UNIT         ?PR?_SEND_STRING?MAIN
            CODE    0866H     0023H     UNIT         ?PR?CHECK_1602_BUSY?MAIN
            CODE    0889H     0023H     UNIT         ?PR?LCD_1602_INIT?MAIN
            CODE    08ACH     0019H     UNIT         ?PR?USART_INIT?MAIN
            CODE    08C5H     0018H     UNIT         ?PR?_WRITE_1602_STRING?MAIN
            CODE    08DDH     000DH     UNIT         ?PR?_WRITE_1602_COM?MAIN
BL51 BANKED LINKER/LOCATER V6.22.2.0                                                  07/04/2020  10:12:45  PAGE 2


            CODE    08EAH     000DH     UNIT         ?PR?_ADC_INIT?MAIN
            CODE    08F7H     0008H     UNIT         ?PR?_SEND_BYTE?MAIN



OVERLAY MAP OF MODULE:   test9 (?C_STARTUP)


SEGMENT                               DATA_GROUP 
  +--> CALLED SEGMENT               START    LENGTH
---------------------------------------------------
?C_C51STARTUP                       -----    -----
  +--> ?PR?MAIN?MAIN
  +--> ?C_INITSEG

?PR?MAIN?MAIN                       -----    -----
  +--> ?PR?LCD_1602_INIT?MAIN
  +--> ?PR?_ADC_INIT?MAIN
  +--> ?PR?USART_INIT?MAIN
  +--> ?PR?_GETADCRESULT?MAIN
  +--> ?PR?DISPLAY_NOW_U?MAIN
  +--> ?PR?DISPLAY_SET_U?MAIN
  +--> ?PR?_ANALYSIS?MAIN
  +--> ?PR?_SEND_STRING?MAIN
  +--> ?PR?_DELAY_MS?MAIN

?PR?LCD_1602_INIT?MAIN              -----    -----
  +--> ?PR?_WRITE_1602_COM?MAIN
  +--> ?PR?WRITE_CGRAM?MAIN

?PR?_WRITE_1602_COM?MAIN            -----    -----
  +--> ?PR?CHECK_1602_BUSY?MAIN
  +--> ?PR?_LCD_DELAY?MAIN

?PR?WRITE_CGRAM?MAIN                -----    -----
  +--> ?PR?_WRITE_1602_COM?MAIN
  +--> ?CO?MAIN
  +--> ?PR?_WRITE_1602_DATA?MAIN

?PR?_WRITE_1602_DATA?MAIN           -----    -----
  +--> ?PR?CHECK_1602_BUSY?MAIN
  +--> ?PR?_LCD_DELAY?MAIN

?PR?DISPLAY_NOW_U?MAIN              -----    -----
  +--> ?CO?MAIN
  +--> ?PR?_WRITE_1602_STRING?MAIN
  +--> ?PR?_WRITE_1602_DATA?MAIN

?PR?_WRITE_1602_STRING?MAIN         -----    -----
  +--> ?PR?_WRITE_1602_COM?MAIN
  +--> ?PR?_WRITE_1602_DATA?MAIN

?PR?DISPLAY_SET_U?MAIN              -----    -----
  +--> ?CO?MAIN
  +--> ?PR?_WRITE_1602_STRING?MAIN
  +--> ?PR?_WRITE_1602_DATA?MAIN

BL51 BANKED LINKER/LOCATER V6.22.2.0                                                  07/04/2020  10:12:45  PAGE 3


?PR?_ANALYSIS?MAIN                  005CH    0007H

?PR?_SEND_STRING?MAIN               005CH    0003H
  +--> ?PR?_SEND_BYTE?MAIN



SYMBOL TABLE OF MODULE:  test9 (?C_STARTUP)

  VALUE           TYPE          NAME
  ----------------------------------

  -------         MODULE        ?C_STARTUP
  C:0539H         SEGMENT       ?C_C51STARTUP
  I:0063H         SEGMENT       ?STACK
  C:0000H         PUBLIC        ?C_STARTUP
  D:00E0H         SYMBOL        ACC
  D:00F0H         SYMBOL        B
  D:0083H         SYMBOL        DPH
  D:0082H         SYMBOL        DPL
  N:0000H         SYMBOL        IBPSTACK
  N:0100H         SYMBOL        IBPSTACKTOP
  N:0080H         SYMBOL        IDATALEN
  C:053CH         SYMBOL        IDATALOOP
  N:0000H         SYMBOL        PBPSTACK
  N:0100H         SYMBOL        PBPSTACKTOP
  N:0000H         SYMBOL        PDATALEN
  N:0000H         SYMBOL        PDATASTART
  N:0000H         SYMBOL        PPAGE
  N:0000H         SYMBOL        PPAGEENABLE
  D:00A0H         SYMBOL        PPAGE_SFR
  D:0081H         SYMBOL        SP
  C:0539H         SYMBOL        STARTUP1
  N:0000H         SYMBOL        XBPSTACK
  N:0000H         SYMBOL        XBPSTACKTOP
  N:0000H         SYMBOL        XDATALEN
  N:0000H         SYMBOL        XDATASTART
  C:0000H         LINE#         126
  C:0539H         LINE#         133
  C:053BH         LINE#         134
  C:053CH         LINE#         135
  C:053DH         LINE#         136
  C:053FH         LINE#         185
  C:0542H         LINE#         196
  -------         ENDMOD        ?C_STARTUP

  -------         MODULE        MAIN
  C:0000H         SYMBOL        _ICE_DUMMY_
  D:0090H         PUBLIC        P1
  D:00A0H         PUBLIC        P2
  C:08F7H         PUBLIC        _Send_Byte
  D:0008H         PUBLIC        data_length
  D:00B0H         PUBLIC        P3
  B:00A8H.7       PUBLIC        EA
  C:08ACH         PUBLIC        USART_Init
  D:00A8H         PUBLIC        IE
  C:0866H         PUBLIC        Check_1602_Busy
BL51 BANKED LINKER/LOCATER V6.22.2.0                                                  07/04/2020  10:12:45  PAGE 4


  C:08C5H         PUBLIC        _Write_1602_String
  D:00BDH         PUBLIC        ADC_RES
  C:0832H         PUBLIC        _Write_1602_Data
  D:0009H         PUBLIC        CGRAM_ADD
  B:00A8H.4       PUBLIC        ES
  D:00B8H         PUBLIC        IP
  B:0098H.0       PUBLIC        RI
  D:000AH         PUBLIC        flag
  B:0098H.1       PUBLIC        TI
  C:0740H         PUBLIC        Display_Set_U
  D:00D8H         PUBLIC        CCON
  C:07BEH         PUBLIC        Display_Now_U
  C:07F9H         PUBLIC        _LCD_Delay
  C:042CH         PUBLIC        main
  D:00BCH         PUBLIC        ADC_CONTR
  D:0099H         PUBLIC        SBUF
  D:0087H         PUBLIC        PCON
  C:0003H         PUBLIC        _Delay_ms
  D:0098H         PUBLIC        SCON
  D:0089H         PUBLIC        TMOD
  D:0088H         PUBLIC        TCON
  C:08DDH         PUBLIC        _Write_1602_Com
  D:000BH         PUBLIC        table0
  D:0013H         PUBLIC        table1
  D:0023H         PUBLIC        table2
  B:0090H.4       PUBLIC        EN_1602
  D:0028H         PUBLIC        table3
  C:0624H         PUBLIC        self_definition_char
  D:0032H         PUBLIC        table4
  C:08EAH         PUBLIC        _ADC_Init
  D:0036H         PUBLIC        table5
  B:0090H.1       PUBLIC        moto
  D:008EH         PUBLIC        AUXR
  C:0784H         PUBLIC        USART_Interrupt
  C:05CBH         PUBLIC        _Analysis
  D:008DH         PUBLIC        TH1
  B:0090H.2       PUBLIC        RS_1602
  D:008BH         PUBLIC        TL1
  B:0090H.3       PUBLIC        RW_1602
  B:0088H.6       PUBLIC        TR1
  C:0664H         PUBLIC        Write_CGRAM
  D:009DH         PUBLIC        P1ASF
  D:003DH         PUBLIC        a
  D:00BEH         PUBLIC        ADC_RESL
  D:003EH         PUBLIC        b
  D:003FH         PUBLIC        c
  C:083FH         PUBLIC        _Send_String
  D:00C8H         PUBLIC        T2CON
  C:06AEH         PUBLIC        _GetADCResult
  C:0889H         PUBLIC        LCD_1602_Init
  D:0040H         PUBLIC        data_buffer
  D:00D0H         PUBLIC        PSW
  D:0054H         PUBLIC        res0
  D:0058H         PUBLIC        res1
  -------         PROC          L?0071
  -------         ENDPROC       L?0071
  -------         PROC          _LCD_DELAY
BL51 BANKED LINKER/LOCATER V6.22.2.0                                                  07/04/2020  10:12:45  PAGE 5


  D:0007H         SYMBOL        z
  -------         DO            
  D:0007H         SYMBOL        x
  D:0006H         SYMBOL        y
  -------         ENDDO         
  C:07F9H         LINE#         74
  C:07F9H         LINE#         75
  C:07F9H         LINE#         77
  C:0803H         LINE#         78
  C:0815H         LINE#         79
  -------         ENDPROC       _LCD_DELAY
  -------         PROC          CHECK_1602_BUSY
  -------         DO            
  D:0006H         SYMBOL        time
  -------         ENDDO         
  C:0866H         LINE#         88
  C:0866H         LINE#         89
  C:0866H         LINE#         90
  C:0869H         LINE#         91
  C:086BH         LINE#         92
  C:086DH         LINE#         93
  C:086FH         LINE#         94
  C:0875H         LINE#         95
  C:0875H         LINE#         96
  C:087AH         LINE#         97
  C:0886H         LINE#         98
  C:0886H         LINE#         99
  C:0888H         LINE#         100
  -------         ENDPROC       CHECK_1602_BUSY
  -------         PROC          _WRITE_1602_COM
  D:0005H         SYMBOL        zhiling
  C:08DDH         LINE#         108
  C:08DFH         LINE#         109
  C:08DFH         LINE#         110
  C:08E2H         LINE#         111
  C:08E4H         LINE#         112
  C:08E4H         LINE#         113
  C:08E4H         LINE#         114
  C:08E4H         LINE#         115
  C:08E4H         LINE#         116
  C:08E7H         LINE#         117
  C:08E9H         LINE#         118
  -------         ENDPROC       _WRITE_1602_COM
  C:0821H         SYMBOL        L?0069
  C:0824H         SYMBOL        L?0070
  -------         PROC          L?0068
  -------         ENDPROC       L?0068
  C:0821H         SYMBOL        L?0069
  C:0824H         SYMBOL        L?0070
  -------         PROC          _WRITE_1602_DATA
  D:0005H         SYMBOL        shuju
  C:0832H         LINE#         126
  C:0834H         LINE#         127
  C:0834H         LINE#         128
  C:0837H         LINE#         129
  C:0839H         LINE#         130
  C:0839H         LINE#         131
BL51 BANKED LINKER/LOCATER V6.22.2.0                                                  07/04/2020  10:12:45  PAGE 6


  C:0839H         LINE#         132
  C:0839H         LINE#         133
  C:0839H         LINE#         134
  C:083CH         LINE#         135
  C:083EH         LINE#         136
  -------         ENDPROC       _WRITE_1602_DATA
  -------         PROC          _WRITE_1602_STRING
  D:0001H         SYMBOL        str
  D:0007H         SYMBOL        addr
  C:08C5H         LINE#         145
  C:08C7H         LINE#         146
  C:08C7H         LINE#         147
  C:08CAH         LINE#         148
  C:08D0H         LINE#         149
  C:08D0H         LINE#         150
  C:08D3H         LINE#         151
  C:08DAH         LINE#         152
  C:08DCH         LINE#         153
  -------         ENDPROC       _WRITE_1602_STRING
  -------         PROC          WRITE_CGRAM
  -------         DO            
  D:0004H         SYMBOL        i
  D:0003H         SYMBOL        j
  -------         ENDDO         
  C:0664H         LINE#         206
  C:0664H         LINE#         207
  C:0664H         LINE#         209
  C:0670H         LINE#         210
  C:0670H         LINE#         211
  C:067CH         LINE#         212
  C:067CH         LINE#         213
  C:0688H         LINE#         214
  C:06A7H         LINE#         215
  C:06AAH         LINE#         216
  C:06ADH         LINE#         217
  -------         ENDPROC       WRITE_CGRAM
  -------         PROC          LCD_1602_INIT
  C:0889H         LINE#         224
  C:0889H         LINE#         225
  C:0889H         LINE#         226
  C:088BH         LINE#         227
  C:0890H         LINE#         229
  C:0895H         LINE#         231
  C:089AH         LINE#         233
  C:089FH         LINE#         234
  C:08A4H         LINE#         235
  C:08A7H         LINE#         236
  -------         ENDPROC       LCD_1602_INIT
  -------         PROC          _ADC_INIT
  D:0007H         SYMBOL        port
  C:08EAH         LINE#         49
  C:08EAH         LINE#         50
  C:08EAH         LINE#         51
  C:08ECH         LINE#         52
  C:08EFH         LINE#         53
  C:08F2H         LINE#         55
  C:08F3H         LINE#         56
BL51 BANKED LINKER/LOCATER V6.22.2.0                                                  07/04/2020  10:12:45  PAGE 7


  C:08F4H         LINE#         57
  C:08F5H         LINE#         58
  C:08F6H         LINE#         59
  -------         ENDPROC       _ADC_INIT
  -------         PROC          _GETADCRESULT
  D:0007H         SYMBOL        channel
  -------         DO            
  D:0004H         SYMBOL        ADC_RESULT
  D:0004H         SYMBOL        result
  -------         ENDDO         
  C:06AEH         LINE#         66
  C:06AEH         LINE#         67
  C:06AEH         LINE#         68
  C:06B1H         LINE#         70
  C:06B6H         LINE#         71
  C:06B7H         LINE#         72
  C:06B8H         LINE#         73
  C:06B9H         LINE#         74
  C:06BAH         LINE#         75
  C:06BFH         LINE#         76
  C:06C2H         LINE#         77
  C:06C8H         LINE#         78
  C:06DFH         LINE#         79
  -------         ENDPROC       _GETADCRESULT
  -------         PROC          USART_INIT
  C:08ACH         LINE#         20
  C:08ACH         LINE#         21
  C:08ACH         LINE#         22
  C:08AFH         LINE#         23
  C:08B2H         LINE#         24
  C:08B5H         LINE#         25
  C:08B8H         LINE#         26
  C:08BBH         LINE#         27
  C:08BEH         LINE#         28
  C:08C0H         LINE#         29
  C:08C2H         LINE#         30
  C:08C4H         LINE#         32
  -------         ENDPROC       USART_INIT
  -------         PROC          _SEND_BYTE
  D:0007H         SYMBOL        d
  C:08F7H         LINE#         38
  C:08F7H         LINE#         39
  C:08F7H         LINE#         41
  C:08F9H         LINE#         42
  C:08FCH         LINE#         43
  C:08FEH         LINE#         44
  -------         ENDPROC       _SEND_BYTE
  -------         PROC          _SEND_STRING
  D:005CH         SYMBOL        str
  D:0004H         SYMBOL        length
  C:083FH         LINE#         51
  C:0845H         LINE#         52
  C:0845H         LINE#         53
  C:0849H         LINE#         54
  C:0849H         LINE#         55
  C:085EH         LINE#         56
  C:0863H         LINE#         57
BL51 BANKED LINKER/LOCATER V6.22.2.0                                                  07/04/2020  10:12:45  PAGE 8


  C:0865H         LINE#         58
  -------         ENDPROC       _SEND_STRING
  -------         PROC          USART_INTERRUPT
  C:0784H         LINE#         65
  C:078FH         LINE#         67
  C:0791H         LINE#         68
  C:0794H         LINE#         69
  C:0794H         LINE#         70
  C:0796H         LINE#         71
  C:07A0H         LINE#         72
  C:07B3H         LINE#         73
  C:07B3H         LINE#         74
  C:07B5H         LINE#         75
  -------         ENDPROC       USART_INTERRUPT
  -------         PROC          _DELAY_MS
  D:0006H         SYMBOL        time
  -------         DO            
  D:0004H         SYMBOL        i
  D:0002H         SYMBOL        j
  -------         ENDDO         
  C:0003H         LINE#         31
  C:0003H         LINE#         32
  C:0003H         LINE#         34
  C:000DH         LINE#         35
  C:0022H         LINE#         36
  -------         ENDPROC       _DELAY_MS
  -------         PROC          DISPLAY_NOW_U
  C:07BEH         LINE#         43
  C:07BEH         LINE#         44
  C:07BEH         LINE#         45
  C:07C9H         LINE#         46
  C:07D4H         LINE#         47
  C:07D9H         LINE#         48
  C:07E0H         LINE#         49
  C:07E7H         LINE#         50
  -------         ENDPROC       DISPLAY_NOW_U
  -------         PROC          DISPLAY_SET_U
  C:0740H         LINE#         58
  C:0740H         LINE#         59
  C:0740H         LINE#         60
  C:074BH         LINE#         61
  C:0756H         LINE#         62
  C:075BH         LINE#         63
  C:076DH         LINE#         64
  C:077FH         LINE#         65
  -------         ENDPROC       DISPLAY_SET_U
  C:05C7H         SYMBOL        L?0073
  -------         PROC          L?0072
  -------         ENDPROC       L?0072
  C:05C7H         SYMBOL        L?0073
  -------         PROC          _ANALYSIS
  D:005CH         SYMBOL        S
  D:005FH         SYMBOL        D
  D:0062H         SYMBOL        LEN
  -------         DO            
  D:0006H         SYMBOL        n
  -------         ENDDO         
BL51 BANKED LINKER/LOCATER V6.22.2.0                                                  07/04/2020  10:12:45  PAGE 9


  C:05CBH         LINE#         73
  C:05D1H         LINE#         74
  C:05D1H         LINE#         76
  C:05E8H         LINE#         77
  C:0612H         LINE#         78
  C:0615H         LINE#         79
  -------         ENDPROC       _ANALYSIS
  -------         PROC          MAIN
  C:042CH         LINE#         81
  C:042CH         LINE#         82
  C:042CH         LINE#         84
  C:042FH         LINE#         85
  C:0434H         LINE#         86
  C:0437H         LINE#         87
  C:0439H         LINE#         88
  C:0445H         LINE#         90
  C:0445H         LINE#         91
  C:0445H         LINE#         92
  C:0452H         LINE#         93
  C:0455H         LINE#         94
  C:0458H         LINE#         95
  C:0461H         LINE#         96
  C:0461H         LINE#         97
  C:0463H         LINE#         99
  C:0474H         LINE#         100
  C:0485H         LINE#         101
  C:0496H         LINE#         102
  C:049AH         LINE#         103
  C:049AH         LINE#         104
  C:049DH         LINE#         105
  C:04A0H         LINE#         106
  C:04A3H         LINE#         107
  C:04AEH         LINE#         108
  C:0504H         LINE#         109
  C:0507H         LINE#         110
  C:0507H         LINE#         111
  C:050BH         LINE#         112
  C:050BH         LINE#         113
  C:0516H         LINE#         114
  C:0518H         LINE#         115
  C:051BH         LINE#         117
  C:051BH         LINE#         118
  C:051FH         LINE#         119
  C:051FH         LINE#         120
  C:052AH         LINE#         121
  C:052CH         LINE#         122
  C:052FH         LINE#         123
  C:052FH         LINE#         125
  C:052FH         LINE#         127
  C:0536H         LINE#         128
  -------         ENDPROC       MAIN
  -------         ENDMOD        MAIN

  -------         MODULE        ?C?FPADD
  C:002DH         PUBLIC        ?C?FPADD
  C:0029H         PUBLIC        ?C?FPSUB
  -------         ENDMOD        ?C?FPADD
BL51 BANKED LINKER/LOCATER V6.22.2.0                                                  07/04/2020  10:12:45  PAGE 10



  -------         MODULE        ?C?FPMUL
  C:011EH         PUBLIC        ?C?FPMUL
  -------         ENDMOD        ?C?FPMUL

  -------         MODULE        ?C?FPDIV
  C:0227H         PUBLIC        ?C?FPDIV
  -------         ENDMOD        ?C?FPDIV

  -------         MODULE        ?C?FCAST
  C:02CEH         PUBLIC        ?C?FCASTC
  C:02C9H         PUBLIC        ?C?FCASTI
  C:02C4H         PUBLIC        ?C?FCASTL
  -------         ENDMOD        ?C?FCAST

  -------         MODULE        ?C?CASTF
  C:0302H         PUBLIC        ?C?CASTF
  -------         ENDMOD        ?C?CASTF

  -------         MODULE        ?C?CLDPTR
  C:0383H         PUBLIC        ?C?CLDPTR
  -------         ENDMOD        ?C?CLDPTR

  -------         MODULE        ?C?CLDOPTR
  C:039CH         PUBLIC        ?C?CLDOPTR
  -------         ENDMOD        ?C?CLDOPTR

  -------         MODULE        ?C?UIDIV
  C:03C9H         PUBLIC        ?C?UIDIV
  -------         ENDMOD        ?C?UIDIV

  -------         MODULE        ?C?LNEG
  C:041EH         PUBLIC        ?C?LNEG
  -------         ENDMOD        ?C?LNEG

Program Size: data=100.0 xdata=0 code=2303
LINK/LOCATE RUN COMPLETE.  0 WARNING(S),  0 ERROR(S)
